pcg_oneseq_32_rxs_m_16_random_r:
      -  result:      16-bit unsigned int (uint16_t)
      -  period:      2^32
      -  state type:  struct pcg_state_32 (4 bytes)
      -  output func: RXS-M

Round 1:
  16bit: 0x256b 0xa5ef 0x170b 0x334a 0x3de5 0x9b47 0xd3d0 0xa661 0x201c 0xf034
  Again: 0x256b 0xa5ef 0x170b 0x334a 0x3de5 0x9b47 0xd3d0 0xa661 0x201c 0xf034
  Coins: TTHHHHHTTHHHHHHTTTTTTHTHHTHHTTHHTHTHTTTHTHTTTTHHHHHHHHTHTHTTHHHTH
  Rolls: 3 1 6 1 5 3 2 6 6 1 5 5 3 2 4 5 4 1 6 1 1 6 5 6 1 4 4 2 2 4 6 3 2
  Cards: 4d Tc 2c 8s 8h Ts 9c Ks 3s 4s 2h 9h 9d 6d 8c Jc 8d 3h 7d 4c 3d 6h
	 5h Ah Td Jh 3c Th 5s 4h 2d Ad Kd Kc 5d As Qs 5c 7c 9s 2s 7h Qh 7s
	 6c Jd 6s Js Qc Qd Kh Ac

Round 2:
  16bit: 0x1023 0x0fda 0xf9c5 0xa3e3 0xa399 0x77cc 0x0bd3 0x414f 0x6952 0xb1e4
  Again: 0x1023 0x0fda 0xf9c5 0xa3e3 0xa399 0x77cc 0x0bd3 0x414f 0x6952 0xb1e4
  Coins: TTHTHHHTTTHTHHTHTHTHHTHHTTHHHHTTHHHTHTHTTTHTTTTTHHHHTTHTHHTHHHTTT
  Rolls: 5 3 1 1 1 3 5 3 1 1 3 3 6 2 6 1 4 2 4 5 2 3 2 2 5 2 1 3 1 2 2 6 4
  Cards: Kh 8s Th 4s 2h 6c 7h Td Js 6h 4c 8c Ac 8d 8h 3d Qh 3c Qd 9h Jc Jh
	 9s 5s 2d 7s 6s Ad 5d 5c 7c As Kc 2c 6d 5h Qs 9d 9c Tc 4h Ts Jd 4d
	 Ks Kd 3s Ah Qc 2s 7d 3h

Round 3:
  16bit: 0x60b7 0xff5e 0x4858 0x1906 0x2425 0xc293 0x32e7 0x2bc4 0xde8d 0xd747
  Again: 0x60b7 0xff5e 0x4858 0x1906 0x2425 0xc293 0x32e7 0x2bc4 0xde8d 0xd747
  Coins: HTTTHTHHTTTHHHHHTHHTTHTHHHHTHTTHHHHTHHHHTHTTTTHHHHTHTTTTHTHHHHTTH
  Rolls: 6 6 5 6 6 1 6 4 5 5 3 4 2 5 5 2 4 3 3 2 1 4 6 2 4 6 3 3 3 4 3 2 6
  Cards: 6d Th Kc 9h 7c Tc Jh Jc Js 7h Qc 2h 6s 7d Jd 9d As Ah 2c 6c 8s Ts
	 3h 8h Kh 9s 4d Qh 2s Qd 7s 5s 4s 3c 4h Ks Ad Td 5c Ac 8d 2d 4c 6h
	 8c Qs 5d 9c 5h 3s Kd 3d

Round 4:
  16bit: 0xb214 0xe06a 0xf89c 0x6bde 0x744e 0x652d 0x38e3 0xcaa6 0xb946 0xf45e
  Again: 0xb214 0xe06a 0xf89c 0x6bde 0x744e 0x652d 0x38e3 0xcaa6 0xb946 0xf45e
  Coins: TTHHTHTHHTTHTHHTHHTTTTHTTTTHTHTTTHTHHTTTHTTHHHHHTTTTTHHTTHHHTTHTT
  Rolls: 3 5 1 4 3 4 6 2 4 2 2 4 4 6 6 3 1 1 2 1 3 3 2 6 3 6 6 3 2 6 2 1 3
  Cards: Ac 4d 2s Ts 3h 5c Td 3d Qs Jh Kh 9d Ks 8h 9s 3s Kc As 7c Qh 2d Jd
	 Qc 3c 7s 9c 5s 6h Jc 6s 7h Tc 8d 5h 6d 8s 5d Qd 2h Th Kd Ad Ah 8c
	 Js 4h 7d 6c 2c 4c 9h 4s

Round 5:
  16bit: 0x8161 0x993d 0x9f67 0x8ad4 0x0a27 0x95cd 0xa68a 0xe020 0x810d 0x26b6
  Again: 0x8161 0x993d 0x9f67 0x8ad4 0x0a27 0x95cd 0xa68a 0xe020 0x810d 0x26b6
  Coins: TTHHHHTTHTHTHHTHHHTHHHTHTHHTTHHTHTHHHHTHTTHTTTHHTHHHHHTHTHHHTTTTH
  Rolls: 1 1 1 1 4 4 3 4 1 3 2 6 3 4 3 6 4 6 5 6 4 6 2 6 3 5 1 3 1 4 1 6 4
  Cards: Qs Ks 5c 7h 2s 9s 8d 3s 7s Ts 9c 8s As 9h 8c 4d 5s 6h Ad Qc 4c 5h
	 Kc 3d 6c Kh Jc 3h 5d Kd 8h Js 2h 2d Td 4h 7c 6d Ah 7d 6s Jd Th Qh
	 Qd 9d Ac Jh 4s 3c Tc 2c

