pcg_setseq_16_rxs_m_8_random_r:
      -  result:      8-bit unsigned int (uint8_t)
      -  period:      2^16   (* 2^15 streams)
      -  state type:  struct pcg_state_setseq_16 (4 bytes)
      -  output func: RXS-M

Round 1:
   8bit: 0x9b 0x59 0x96 0xd0 0x4e 0xde 0x03 0x1f 0xee 0xf6 0x4a 0xed 0x9b 0x8a
  Again: 0x9b 0x59 0x96 0xd0 0x4e 0xde 0x03 0x1f 0xee 0xf6 0x4a 0xed 0x9b 0x8a
  Coins: HHTHHTTTHHTHHHTTHTHHHTTTTTHTTTHHHTTTTHTTTTTTTHTHTTHHTTHTHHHHHHTHT
  Rolls: 5 5 3 3 4 4 3 4 4 4 4 5 1 2 5 1 2 4 6 4 3 6 5 6 3 2 6 2 3 1 6 5 1
  Cards: 7d 9d 6h 3h Qc 6d Ad Jh 2c 5d As 4c 5s 8h 5h 7h Kc Qd Td Qs 5c Jc
	 Ac 3c 7c 4d 3d 9s 2s Ts 8c Ks 3s Ah 4h Js 2d Th Kh 4s 6s 9h Tc Qh
	 8s 6c 8d Jd 2h Kd 9c 7s

Round 2:
   8bit: 0x28 0x8b 0x94 0xdb 0x6c 0xae 0x05 0x11 0xad 0x94 0x4b 0x0e 0xc2 0x4a
  Again: 0x28 0x8b 0x94 0xdb 0x6c 0xae 0x05 0x11 0xad 0x94 0x4b 0x0e 0xc2 0x4a
  Coins: HHTTTTHHHHTHTTHTHTHHHTHTTHHTTTTHTTHHTTTTTHHTHTHTHHTHTHTHTTHHHHTHH
  Rolls: 1 3 6 2 1 3 4 3 2 1 3 6 1 1 2 1 1 6 4 1 2 4 3 5 6 2 2 2 5 2 6 4 4
  Cards: 5c Jc Qc Ah 9d 3h Jd Th 9s 7h 3s 8s As 6s 9h 5h Jh Kd 4s 2c 2d Qd
	 Ks 8d Qs 9c Js Ts 8h Qh 2h 7c 8c 4h 3d 4c 5s Kc 6d 2s 6h Kh Tc Ac
	 7s 4d 3c 6c Ad 7d 5d Td

Round 3:
   8bit: 0xed 0xa2 0x48 0x89 0x0b 0x10 0xd7 0xf8 0xea 0xc1 0x47 0xb2 0x55 0x83
  Again: 0xed 0xa2 0x48 0x89 0x0b 0x10 0xd7 0xf8 0xea 0xc1 0x47 0xb2 0x55 0x83
  Coins: THHTHHTTTTTTTTHHHTTHTTHTTHTHHHTTTHTHTTHHHTHTHTTHHHTHTHHHTTHHHTHTH
  Rolls: 1 5 3 3 2 6 1 2 4 5 3 4 4 1 4 4 4 3 5 2 1 5 2 2 2 4 5 2 5 5 5 4 5
  Cards: 7d As 2c 5c 7s Td 8c 8h 6c Ts Jd Ac 3s Jc Qh Th 2s Qd 7c Tc 6s 4d
	 4s Ad 3h 9s Ah 3c 3d Kd 2d 5h 4h 9d 9c 8d 5d 7h Kc Qc 5s Qs 6h Jh
	 8s 4c Kh Ks Js 6d 2h 9h

Round 4:
   8bit: 0x8e 0xf4 0xc0 0x1f 0xa1 0xd0 0x77 0x1b 0xc3 0x81 0xe2 0xa7 0x9e 0x8a
  Again: 0x8e 0xf4 0xc0 0x1f 0xa1 0xd0 0x77 0x1b 0xc3 0x81 0xe2 0xa7 0x9e 0x8a
  Coins: HHTHTHHHTTTHHHHTTHTTHHTHTTTTTTHHHTTHTTHTTHTTTHHHHHHTTTHHHHTHHHTHH
  Rolls: 5 2 2 3 1 5 1 2 4 4 1 4 2 6 6 6 1 4 2 2 2 6 2 1 6 1 1 6 1 4 4 5 2
  Cards: Qd Ac 6c 8d As 8s 4d 3h 5s 2h Jh 3s Jd 9d 7d 2d 2s 9c Kc 7h Jc Kh
	 Ad 5d 2c 3c Js Qs Ks Th 9s Tc Ts 4c Ah 3d Qh 7c Kd Qc 7s 9h 5h 4s
	 8c 8h 6d 6s 4h 6h 5c Td

Round 5:
   8bit: 0x67 0x25 0xc8 0x7a 0x28 0xeb 0xbd 0x67 0x2b 0xba 0x71 0x48 0x99 0x9f
  Again: 0x67 0x25 0xc8 0x7a 0x28 0xeb 0xbd 0x67 0x2b 0xba 0x71 0x48 0x99 0x9f
  Coins: TTHTHTHTHHTTTTTTTTHHHHTTTTHTHTHTHTHHTHHTTTTTHHTHHHHHTTTTTTTTHHTTH
  Rolls: 5 1 3 5 1 1 6 3 1 5 4 5 4 2 2 4 2 1 5 6 2 1 6 6 5 5 3 1 3 3 4 2 2
  Cards: 6s Qh Ks 9d 6c Th Kc As Ac Ts 2h 9c 8h Qs 5c Jd 2c 7h 7c 2s Kh 4c
	 8c 9h 7d Kd 5s 6d Td 3s 8d 2d 4d Ah 3d Qc 3c Tc 3h Qd Jh 5d 9s 4h
	 Js 8s Jc 6h 4s 5h Ad 7s

