pcg_mcg_16_rxs_m_8_random_r:
      -  result:      8-bit unsigned int (uint8_t)
      -  period:      2^14
      -  state type:  struct pcg_state_16 (2 bytes)
      -  output func: RXS-M

Round 1:
   8bit: 0xa2 0xbd 0x3b 0x85 0xe7 0xe5 0x40 0x60 0x19 0xf1 0x60 0xef 0xc1 0x14
  Again: 0xa2 0xbd 0x3b 0x85 0xe7 0xe5 0x40 0x60 0x19 0xf1 0x60 0xef 0xc1 0x14
  Coins: TTTTTHTHTHHTTTHHTHTTHTHTTHTHTTTHTTHTHTTTTTTHTTTTHHHHTHTTTHHHHHTTH
  Rolls: 3 2 6 2 3 2 3 3 3 6 3 5 6 3 1 1 5 6 4 2 4 5 3 4 4 3 5 5 2 4 1 6 3
  Cards: Jc 9c Ad Ah 6h Ts Th Kd 8h 2h 8s 5s 4h 9h 3s Qs 8c 3c 6s Js 2s Kc
	 7c 4s 7h Qh 3d 5c Ac 8d Qd Jd 3h As 6c Kh 4c Qc 7d Ks 9s 7s 2d 2c
	 5h Tc 4d Td 5d 9d Jh 6d

Round 2:
   8bit: 0x35 0x13 0x97 0x5d 0x01 0x03 0xcc 0x0f 0x3d 0x21 0xd9 0xe6 0xa1 0x9e
  Again: 0x35 0x13 0x97 0x5d 0x01 0x03 0xcc 0x0f 0x3d 0x21 0xd9 0xe6 0xa1 0x9e
  Coins: HHTHHHHHTTHTTHTTTHTTHTTHTHTHHTTHHHHTTHTHTTHTHHHHTTHTTTHTTHHHHTTTT
  Rolls: 5 1 3 6 4 3 4 3 5 3 5 1 4 6 2 3 6 3 1 5 1 6 2 2 4 1 1 4 5 2 1 5 4
  Cards: 6c 3s Ad Js 4c 6s 7h Jd Kc Ts 3c 4h 9c 7s Qs 2s 9h 5h Ac 7d Kd 2h
	 As Kh Qc 4s 6d Qd 5s 6h Jc 3h 2d 5d Jh Th 9d Tc Ks 2c 8h 9s 8s 8d
	 Qh Td 7c 8c Ah 5c 3d 4d

Round 3:
   8bit: 0x1a 0xfd 0xbd 0x05 0xe3 0x78 0x9e 0x47 0x62 0xf4 0x30 0x0d 0xe3 0x97
  Again: 0x1a 0xfd 0xbd 0x05 0xe3 0x78 0x9e 0x47 0x62 0xf4 0x30 0x0d 0xe3 0x97
  Coins: TTTTHHTHTHHTTHHTHTHHTTHTTHHTHTHTHTTHTTTTTHTHHHTHTHHTHTTTHHHTHTHHH
  Rolls: 1 2 3 5 1 6 6 5 2 2 4 2 2 3 5 5 4 3 2 3 6 4 2 1 2 4 6 4 4 3 5 6 2
  Cards: Kh 4c Ad Ts 8c 3d Kd 6d Qh Ah Jc Th As Qd Tc 9s 4h 7c 7h 5s 8s 8d
	 7s 5c 6s Jh 6c 4d Qc Js 3c Kc 5h 4s 3s 5d 2s 7d Jd 2d Td 2h Ac Ks
	 2c Qs 6h 3h 9h 8h 9c 9d

Round 4:
   8bit: 0x97 0x1d 0x9d 0xc0 0x11 0xfa 0x9c 0x6a 0x64 0xe2 0x87 0x6a 0xec 0x32
  Again: 0x97 0x1d 0x9d 0xc0 0x11 0xfa 0x9c 0x6a 0x64 0xe2 0x87 0x6a 0xec 0x32
  Coins: HHHTTHHHTTTHHHHTTTTHHHTHHTTHTTHTTHTTTHTHTHTHHTHTTHTTTTHTTHHTTTHTH
  Rolls: 6 1 1 1 3 1 5 4 3 4 1 6 2 3 4 1 3 6 5 4 1 1 4 5 1 4 2 3 6 1 4 6 5
  Cards: 6s 8c 4d 5h Kd Ac 3d 8h 2c 3s Ah Ad 9h Qh 2s 7s Ks Qd Kh 4h Kc 2d
	 Ts Js 2h 4s 4c Th 7c 8d 5c Tc 6d 6c 6h 8s As 9s 9d 5s Jc 3h Qs Jh
	 5d 3c 7d 7h 9c Qc Jd Td

Round 5:
   8bit: 0x75 0xf4 0x71 0x1c 0x56 0x09 0xa5 0x43 0xba 0xc4 0xe2 0xec 0x58 0xbc
  Again: 0x75 0xf4 0x71 0x1c 0x56 0x09 0xa5 0x43 0xba 0xc4 0xe2 0xec 0x58 0xbc
  Coins: THHTHHTTTHHTHTHHHTTHHHTHTTHTHTTTHTTHTHHHTHHHHTHHHHTTHTHTTTHHTHTTH
  Rolls: 3 2 4 6 2 5 5 4 6 2 4 3 3 3 1 5 5 5 1 6 2 4 5 6 2 1 6 6 5 3 4 4 4
  Cards: 7h Qd 8h Th Qh Ah 7c Js 5d 4d 4s Ts 8s 2s Ks 3c 5s Kh 9h Kd Jh 8d
	 3d 7d Tc 7s Kc Ad 8c Ac 6c 6d 6s 4c Qs 2h 5h 4h 6h 9d 3s 3h As 2d
	 Jc Qc 5c Td 9c 9s 2c Jd

