pcg_mcg_128_xsh_rr_64_random_r:
      -  result:      64-bit unsigned int (uint64_t)
      -  period:      2^126
      -  state type:  struct pcg_state_128 (16 bytes)
      -  output func: XSH-RR

Round 1:
  64bit: 0x1f3f7121e50db375 0x5d18374c90e01618 0x98a20fad7ae65b50
	 0xb04a7f95ed7e29f9 0xa535567f80452bb4 0xb46ef40ccacf759f
  Again: 0x1f3f7121e50db375 0x5d18374c90e01618 0x98a20fad7ae65b50
	 0xb04a7f95ed7e29f9 0xa535567f80452bb4 0xb46ef40ccacf759f
  Coins: TTTTHTHTHHTHTHTTTTTTTHHHTTTHTTTHTHHHHTHHHHHHHTHHTHTTTHHHHTHTHHTHT
  Rolls: 5 4 3 4 2 2 5 1 1 2 6 5 1 1 1 4 5 2 4 6 6 1 5 1 1 5 4 3 5 3 1 1 3
  Cards: Jd 8s 5c Qc 8c Td 7s 7c Kh Ks 9s Ts 4s Js Th Qh 9c 6c 5h 3c 3s 9h
	 As Kc Tc 7d 5d 7h Jc 3h 6h Kd 2c 4d 4c Ac 8d Ad 6d 8h Ah 3d 2d 2s
	 5s 2h Qd 4h 6s Jh 9d Qs

Round 2:
  64bit: 0x96632017f1ac5d0c 0xc87255df98c3c672 0x5fedd97d156a7439
	 0x4819e670134e0b89 0x6a1fdea5d1fcdd62 0xc12fa3a1e61cb317
  Again: 0x96632017f1ac5d0c 0xc87255df98c3c672 0x5fedd97d156a7439
	 0x4819e670134e0b89 0x6a1fdea5d1fcdd62 0xc12fa3a1e61cb317
  Coins: THHTHTHTTHHHHTHTHHTHHHTHHTHTTHHHTTTTTTHTHHHTHHHTHHTTTHHTHHTHHHTHT
  Rolls: 6 1 5 6 4 5 6 3 2 2 4 1 4 4 5 4 3 3 4 4 1 2 4 2 6 5 6 3 2 4 3 6 2
  Cards: 6d Ah Tc 5d Th 2s 9s 8d 2c Ac 8c Jd 9h 3c Js 3s Qc 7h 6c Qs Jc 2h
	 5c 7c 4s 8h As 4h 9c Ad 8s Kc 2d Kh 3h 4c Jh 5s 3d Qh 7s 6h Kd Qd
	 5h 7d 4d Td 6s Ts Ks 9d

Round 3:
  64bit: 0x370bd048b32a5912 0x86f1f1084f582b18 0x8b1c06b872fe7670
	 0x2b00067c2d1fec03 0x3635b207411488cd 0x0bb8e488d4eea22b
  Again: 0x370bd048b32a5912 0x86f1f1084f582b18 0x8b1c06b872fe7670
	 0x2b00067c2d1fec03 0x3635b207411488cd 0x0bb8e488d4eea22b
  Coins: HHHTHTTTTTTHHHHTTTHHHTHHTTTTHTHHTTHHTTTHHHTHHTHHTHHTHTHTTTTTHTHTH
  Rolls: 3 5 5 2 6 1 3 2 4 3 3 4 1 2 3 4 5 2 1 3 5 4 6 1 4 3 5 3 1 2 4 1 1
  Cards: 9c 9d 8s 8d 5s 6c 2s Kc 7h Kd Th 9s Qd 4s Qh 6h Tc 7d 7c Ks 4d Jd
	 3s 6s 3h 8c Td 3d Kh Ts 3c Jc 9h 5d As 8h 5h 7s Js Qc Qs Jh Ah 5c
	 2d 4c 6d Ad 2c 4h 2h Ac

Round 4:
  64bit: 0x2e54206ae3defaa1 0xb94390ff004a3a88 0x43aefce76424c057
	 0x1b7bb31e40e62b64 0xbe1389e1d47a1c9c 0xae5b2c7035094ff8
  Again: 0x2e54206ae3defaa1 0xb94390ff004a3a88 0x43aefce76424c057
	 0x1b7bb31e40e62b64 0xbe1389e1d47a1c9c 0xae5b2c7035094ff8
  Coins: HHTTTHTTTTTTHTTHHTTHTTTTTTTTHTHHHTTHHHHHTHHTTTHHHHTHTHHTTTTTHTHHT
  Rolls: 5 3 1 3 6 5 5 3 3 1 2 4 5 2 6 6 3 6 3 4 3 1 1 6 3 6 6 5 3 5 3 5 5
  Cards: 9d 8h Tc 5s 2h Qd 7d 4s 7h 8d 7s Th Qh 2d Ts Jh 6d As 5h Kh 4d 8c
	 Ks Td 3s 4c Ah 2c Jc Js 7c 6s 3h 9h Ac 5c 6c 5d 8s 3c 9s 3d Kd Kc
	 2s Jd Ad 9c 6h Qs 4h Qc

Round 5:
  64bit: 0xc83816f9b172e06d 0xf69ceb0dd016930f 0xd9095dc58339cc9b
	 0x07c0969dddb176f4 0xa2434766df4a7413 0x93acf45acbf028bd
  Again: 0xc83816f9b172e06d 0xf69ceb0dd016930f 0xd9095dc58339cc9b
	 0x07c0969dddb176f4 0xa2434766df4a7413 0x93acf45acbf028bd
  Coins: HTTHTTHHTTTTTTHHHTTTTTTTTTHTTHTHTTTHTHTTTHTHTTHHHTTHHHHHHTTHHTHTT
  Rolls: 1 3 4 2 5 3 1 1 2 6 4 4 4 3 3 3 2 5 3 2 4 2 4 1 6 1 6 6 1 3 3 4 5
  Cards: 2c 2s Qc 7h 8d 6h 2d 9s Jc Ah Qd 6s 2h 6c 3s 8c Js 8s 9d 8h Ad Jh
	 7d 3h Ts 7c Kc Ac 4h Qh Kd Kh 9h 7s Ks 6d Tc 5s 3d 5h 5c 9c Qs 4s
	 3c 4c 5d Th Jd Td As 4d

