pcg_oneseq_16_rxs_m_8_random_r:
      -  result:      8-bit unsigned int (uint8_t)
      -  period:      2^16
      -  state type:  struct pcg_state_16 (2 bytes)
      -  output func: RXS-M

Round 1:
   8bit: 0x7f 0x7f 0x54 0xe8 0x94 0xba 0xb7 0x21 0x39 0xb0 0x71 0xa9 0x05 0x81
  Again: 0x7f 0x7f 0x54 0xe8 0x94 0xba 0xb7 0x21 0x39 0xb0 0x71 0xa9 0x05 0x81
  Coins: HTTHTTHHHHHTHTTTHTHHTHHHTTHTHTTHTHHHTHTTTHHTHTTTTHTHHHHHTHHTHHTTH
  Rolls: 6 3 4 2 5 1 1 6 3 2 3 3 5 4 5 2 2 4 1 3 6 4 3 6 3 4 1 5 2 3 4 4 2
  Cards: 4c Jc Qs Th 8c 8s 9d Qc Td As Jd 9h Ac Ah 2s 8d Qh 5d Ad Tc 6c 7c
	 Ks 2h 3c 6s 2c 4s 6d 3h Jh Ts Kc 2d 5c 4d 5s Js 9s 9c 6h 7d 4h Kd
	 3d 8h Kh Qd 3s 5h 7s 7h

Round 2:
   8bit: 0xdc 0xe2 0x71 0xe4 0x9e 0xe2 0x23 0xe5 0x6d 0x83 0x28 0x91 0x08 0x38
  Again: 0xdc 0xe2 0x71 0xe4 0x9e 0xe2 0x23 0xe5 0x6d 0x83 0x28 0x91 0x08 0x38
  Coins: HHTHHTTHHTHHTTHHHHTHHTHHTTTHHHHHHTTTTTTHHTTHTTTHTTHTHHHHTTTTTTHHH
  Rolls: 3 2 6 6 4 1 5 1 2 3 4 3 1 6 3 4 6 6 4 3 6 4 5 2 5 2 3 6 1 5 5 5 4
  Cards: 4c Jd Jh 2s 6d 5s 2h 8s Ks 9d 4d 3d Ts 3h Ac Kd 7s 6s 8c Th 4s Ad
	 4h 6c 7c 7h 3c As 5d 2d Tc Js Jc 5h Kh Ah Qc 8h Kc 7d Qd 9h 9c 3s
	 Qs Td 5c 2c 9s Qh 8d 6h

Round 3:
   8bit: 0x05 0x64 0x14 0xd6 0xaa 0x44 0x09 0x90 0x0e 0x44 0x95 0x03 0xfb 0x64
  Again: 0x05 0x64 0x14 0xd6 0xaa 0x44 0x09 0x90 0x0e 0x44 0x95 0x03 0xfb 0x64
  Coins: TTHTHTHHHTTTHHHTHTHTHHTHTHHHHTTHHHHHTHTHTHTTTHHHTHHHTTHTHTHHTTTTT
  Rolls: 3 2 5 5 3 2 3 3 6 3 6 4 4 4 3 5 4 5 6 4 6 6 2 2 3 6 6 2 4 5 3 4 5
  Cards: 5h 4h As 5s Js 5c 8d 4c Ts 7c Tc 2d 9s Kd Jh Qh 2h Kc 8h 6c Ah 7s
	 5d Ks Qs 9c 9h 6h 3d 7h 7d Td Ad 3h Jc 6d 9d Th Qc Qd 2s Ac Kh 3c
	 2c 4d Jd 8s 4s 8c 6s 3s

Round 4:
   8bit: 0x90 0xf5 0xdc 0x01 0xfd 0xbb 0x98 0xa7 0xed 0xb8 0xe9 0x50 0xc8 0xe0
  Again: 0x90 0xf5 0xdc 0x01 0xfd 0xbb 0x98 0xa7 0xed 0xb8 0xe9 0x50 0xc8 0xe0
  Coins: THHTTTTHHHHTTTTHHTHHHTHHTTHHHHHHHHHTHHTTTHTTHHTTHTTTHTTHTHTHTHHTT
  Rolls: 4 6 6 1 6 5 3 3 4 6 1 3 1 1 2 3 5 3 5 6 5 3 4 2 4 2 2 5 1 4 1 4 3
  Cards: 5c Ad 9c 7s 7c 5d 2s 4c 8c Kh As 3c 9d Th Qs 7d Kd 4d 9h Ah 8h Ac
	 5s 9s 3d Jd 5h 8s Jc 6d 4s 3h Ks 2d 2h 7h Qh 2c Kc 6h Td 6c Qc 6s
	 3s Jh Tc 8d Js 4h Qd Ts

Round 5:
   8bit: 0xf5 0xa5 0x3e 0x1b 0x66 0xed 0xd3 0xf2 0xe4 0x3f 0xa7 0xd2 0x2f 0x66
  Again: 0xf5 0xa5 0x3e 0x1b 0x66 0xed 0xd3 0xf2 0xe4 0x3f 0xa7 0xd2 0x2f 0x66
  Coins: HTHHTHTHHTHHTHTTTHTTTTTTTHTTHHHTHTTHHTHTHTHHTTTTTTHHTTHHTTTTTHTTH
  Rolls: 3 1 2 4 1 6 4 1 5 1 2 4 4 2 4 1 6 5 1 3 4 2 1 3 2 4 4 5 4 3 2 4 2
  Cards: 5c As 6h 8d Ks 6d 5s 4c Ah Tc Ad 7s Ts Kc Jd 2c 8h 8c 9d Qh 4h 2d
	 9c Th 2s 7c Qs 5h 5d 8s Ac 9s Kd Td Jh 3s Qc 3c 3h 4s 3d 6s Qd 4d
	 9h Jc Js 2h Kh 7d 7h 6c

